The southeastern corner of the market::::n,w,nw
The southern side of the market::::n,s,e,w,ne,nw
The southwestern corner of the market::::n,e,ne
The western side of the market::::n,s,e,w,ne,se
The centre of the market::::n,s,e,w,ne,se,sw,nw
The eastern side of the market::::n,s,e,w,sw,nw
The northeastern corner of the market::::w,sw,s
The northern side of the market::::n,s,e,w,sw,se
The northwestern corner of the market::::e,se,s
Ohulan-Cutash, southern end of Dock Street::::n,s
Ohulan-Cutash, Dock Street::::n,w,s
Ohulan-Cutash, northern end of Dock Street::::ne,nw,s
Ohulan-Cutash Bridge::::sw
The eastern end of Quayside Way::::se,w
Quayside Way [n,e,sw,d]::::n,e,sw
The eastern wharf::::s
Quayside Way [w,ne]::::ne,w
Quayside Way [n,s,e,sw,se]::::n,e,se,sw
The western wharf [s,e]::::s
The southeastern and northwestern end of Short Street [se,nw]::::nw,se
Ohulan-Cutash, Long Alley [s,e,w,ne,se,nw]::::nw,ne,w
Ohulan-Cutash, the eastern end of Long Alley [e,sw]::::e,sw
Quayside Way [s,w,ne]::::ne,s
Quayside Way [n,s,e]::::n,s
The southern end of Quayside Way [n,s,w]::::n,s
The junction of Sto Street and Quayside Way [n,e,w]::::n,w,e
The western end of Sto Street in Ohulan-Cutash [e,w]::::e
Outside a tannery on Sto Street [n,s,e,w]::::w,n,e
The southern end of Long Alley [s,e,ne]::::s,ne
Ohulan-Cutash, Long Alley [e,s,sw]::::e,sw
Sto Street in Ohulan-Cutash [e,w]::::w,e
The eastern end of Sto Street [n,e,w]::::w,e